============================= test session starts =============================
platform win32 -- Python 3.12.6, pytest-9.0.2, pluggy-1.6.0 -- C:\Users\VISHNU P\Assignments\venv\Scripts\python.exe
cachedir: .pytest_cache
rootdir: C:\Users\VISHNU P\Assignments
plugins: anyio-4.12.1, cov-7.1.0
collecting ... collected 4 items

venv\Scripts\python.exe : 
C:\Users\VISHNU P\Assignments\ve
nv\Lib\site-packages\jwt\api_jwt
.py:147: 
InsecureKeyLengthWarning: The 
HMAC key is 14 bytes long, 
which is below the minimum 
recommended length of 32 bytes 
for SHA256. See RFC 7518 
Section 3.2.
At line:1 char:1
+ venv\Scripts\python.exe -m 
pytest tests/test_lifecycle_regr
ession.py  ...
+ ~~~~~~~~~~~~~~~~~~~~~~~~~~~~~~
~~~~~~~~~~~~~~~~~~~~~~~~~~~~~~~~
~~~~~~~
    + CategoryInfo          : N 
   otSpecified: (C:\Users\VISH  
  NU...18 Section 3.2.:String   
 ) [], RemoteException
    + FullyQualifiedErrorId : N 
   ativeCommandError
 
  return self._jws.encode(
C:\Users\VISHNU P\Assignments\ve
nv\Lib\site-packages\jwt\api_jwt
.py:365: 
InsecureKeyLengthWarning: The 
HMAC key is 14 bytes long, 
which is below the minimum 
recommended length of 32 bytes 
for SHA256. See RFC 7518 
Section 3.2.
  decoded = 
self.decode_complete(
tests/test_lifecycle_regression.py::test_module_5_card_product_lifecycle DEBUG: Create Card Product Failed: 422
{'status': 'error', 'data': None, 'meta': {'request_id': '1e067de9-80f9-4f93-8247-ad0cb60c5636', 'timestamp': '2026-04-06T11:37:38.362719+00:00', 'api_version': 'v1', 'duration_ms': 6.74}, 'errors': [{'code': 'VALIDATION_ERROR', 'message': 'Field required', 'field': 'usage_limits.contactless_txn_cap'}, {'code': 'VALIDATION_ERROR', 'message': 'Field required', 'field': 'usage_limits.max_txn_per_day'}]}
FAILED
C:\Users\VISHNU P\Assignments\ve
nv\Lib\site-packages\jwt\api_jwt
.py:147: 
InsecureKeyLengthWarning: The 
HMAC key is 14 bytes long, 
which is below the minimum 
recommended length of 32 bytes 
for SHA256. See RFC 7518 
Section 3.2.
  return self._jws.encode(
C:\Users\VISHNU P\Assignments\ve
nv\Lib\site-packages\jwt\api_jwt
.py:365: 
InsecureKeyLengthWarning: The 
HMAC key is 14 bytes long, 
which is below the minimum 
recommended length of 32 bytes 
for SHA256. See RFC 7518 
Section 3.2.
  decoded = 
self.decode_complete(
tests/test_lifecycle_regression.py::test_module_6_admin_user_views FAILED
C:\Users\VISHNU P\Assignments\ve
nv\Lib\site-packages\jwt\api_jwt
.py:147: 
InsecureKeyLengthWarning: The 
HMAC key is 14 bytes long, 
which is below the minimum 
recommended length of 32 bytes 
for SHA256. See RFC 7518 
Section 3.2.
  return self._jws.encode(
C:\Users\VISHNU P\Assignments\ve
nv\Lib\site-packages\jwt\api_jwt
.py:365: 
InsecureKeyLengthWarning: The 
HMAC key is 14 bytes long, 
which is below the minimum 
recommended length of 32 bytes 
for SHA256. See RFC 7518 
Section 3.2.
  decoded = 
self.decode_complete(
tests/test_lifecycle_regression.py::test_module_6_credit_account_transitions SKIPPED
tests/test_lifecycle_regression.py::test_module_7_card_lifecycle_and_gate SKIPPED

================================== FAILURES ===================================
____________________ test_module_5_card_product_lifecycle _____________________

admin_token = 'eyJhbGciOiJIUzI1NiIsInR5cCI6IkpXVCJ9.eyJzdWIiOiI5OGFmY2I1YS05YTAwLTRhN2UtOTlkNi03ZDAyMWIxOGQ2Y2IiLCJyb2xlIjoiU1VQRVJB...Nzc1NDc1NDU4LCJqdGkiOiJmZTkwMDUwMy02ZDcyLTQ3ZmUtOTFiMi04ZDlkYWEwN2M3YjIifQ.ZsSvGJq0TZb4ce8y0mlxDHuI0qq8dYKJGdHvGgTyVyE'

    def test_module_5_card_product_lifecycle(admin_token):
        # 1. Create Card Product
        payload = {
            "credit_product_code": "CRD-PLAT-001",
            "card_network": "VISA",
            "card_bin_range": "450010",
            "card_branding_code": "ZBANQ_PLAT",
            "card_form_factor": "PHYSICAL",
            "card_variant": "PLATINUM",
            "default_card_currency": "INR",
            "billing_config": {
                "billing_cycle_type": "MONTHLY",
                "billing_cycle_day": 1,
                "payment_due_days": 20,
                "minimum_due_formula": "5_PCT",
                "statement_generation_mode": "ELECTRONIC",
                "statement_currency": "INR",
                "grace_period_days": 3
            },
            "transaction_controls": {
                "pos_allowed": True,
                "ecommerce_allowed": True,
                "atm_withdrawal_allowed": True,
                "contactless_enabled": True,
                "international_txn_allowed": False
            },
            "fx_configuration": {
                "fx_rate_source": "VISA",
                "foreign_markup_fee_pct": 3.5
            },
            "usage_limits": {
                "cash_advance_limit_pct": 20.0,
                "domestic_txn_daily_cap": 100000.0
            },
            "rewards_config": {
                "reward_program_code": "REWARD_PLAT",
                "reward_accrual_type": "POINTS",
                "reward_earn_rate": 2.0,
                "reward_redemption_modes": ["CASHBACK"]
            },
            "authorization_rules": {
                "partial_auth_allowed": False
            },
            "lifecycle_rules": {
                "card_validity_years": 5,
                "auto_renew_card": True,
                "replacement_reason_codes": ["LOST", "STOLEN"]
            },
            "fraud_profile": {
                "fraud_monitoring_profile": "STANDARD",
                "velocity_check_profile": "STANDARD"
            }
        }
    
        response = client.post(
            "/card-products/",
            json=payload,
            headers={"Authorization": f"Bearer {admin_token}"}
        )
        if response.status_code != 201:
            print(f"DEBUG: Create Card Product Failed: {response.status_code}")
            print(response.json())
    
>       assert response.status_code == 201
E       assert 422 == 201
E        +  where 422 = <Response [422 Unprocessable Entity]>.status_code

tests\test_lifecycle_regression.py:105: AssertionError
------------------------------ Captured log call ------------------------------
WARNING  zbanque_api:main.py:129 Validation Error: [ErrorDetail(code='VALIDATION_ERROR', message='Field required', field='usage_limits.contactless_txn_cap'), ErrorDetail(code='VALIDATION_ERROR', message='Field required', field='usage_limits.max_txn_per_day')]
_______________________ test_module_6_admin_user_views ________________________

admin_token = 'eyJhbGciOiJIUzI1NiIsInR5cCI6IkpXVCJ9.eyJzdWIiOiI5OGFmY2I1YS05YTAwLTRhN2UtOTlkNi03ZDAyMWIxOGQ2Y2IiLCJyb2xlIjoiU1VQRVJB...Nzc1NDc1NDU4LCJqdGkiOiI4MDYzNmQ5MS1lMmFkLTRkMmEtYWY4Yi1hYjc5ZTUyYWFlY2IifQ.oxxGCLKCckVoPqAeQRyQUiRaiMcbCtlJk4Y7Ru1r_3Q'

    def test_module_6_admin_user_views(admin_token):
        # 1. List Users
        response = client.get(
            "/customers/",
            headers={"Authorization": f"Bearer {admin_token}"}
        )
        assert response.status_code == 200
        assert len(response.json()["data"]) > 0
        user_id = response.json()["data"][0]["user_id"]
    
        # 2. Get User Detail
        response = client.get(
            f"/customers/{user_id}",
            headers={"Authorization": f"Bearer {admin_token}"}
        )
>       assert response.status_code == 200
E       assert 422 == 200
E        +  where 422 = <Response [422 Unprocessable Entity]>.status_code

tests\test_lifecycle_regression.py:133: AssertionError
------------------------------ Captured log call ------------------------------
WARNING  zbanque_api:main.py:129 Validation Error: [ErrorDetail(code='VALIDATION_ERROR', message='Input should be a valid UUID, invalid character: expected an optional prefix of `urn:uuid:` followed by [0-9a-fA-F-], found `Z` at 1', field='path.credit_account_id'), ErrorDetail(code='VALIDATION_ERROR', message='Field required', field='query.command')]
=========================== short test summary info ===========================
FAILED tests/test_lifecycle_regression.py::test_module_5_card_product_lifecycle
FAILED tests/test_lifecycle_regression.py::test_module_6_admin_user_views - a...
======================== 2 failed, 2 skipped in 2.57s =========================
